#! /c/Source/iverilog-install/bin/vvp
:ivl_version "12.0 (devel)" "(s20150603-1539-g2693dd32b)";
:ivl_delay_selection "TYPICAL";
:vpi_time_precision + 0;
:vpi_module "C:\iverilog\lib\ivl\system.vpi";
:vpi_module "C:\iverilog\lib\ivl\vhdl_sys.vpi";
:vpi_module "C:\iverilog\lib\ivl\vhdl_textio.vpi";
:vpi_module "C:\iverilog\lib\ivl\v2005_math.vpi";
:vpi_module "C:\iverilog\lib\ivl\va_math.vpi";
:vpi_module "C:\iverilog\lib\ivl\v2009.vpi";
S_0000021426466aa0 .scope package, "$unit" "$unit" 2 1;
 .timescale 0 0;
S_0000021426466c30 .scope module, "bit_value" "bit_value" 3 1;
 .timescale 0 0;
v00000214264b6aa0_0 .var/2u "a", 0 0;
    .scope S_0000021426466c30;
T_0 ;
    %pushi/vec4 0, 0, 1;
    %store/vec4 v00000214264b6aa0_0, 0, 1;
    %vpi_call/w 3 6 "$display", "The value of a is %b", v00000214264b6aa0_0 {0 0 0};
    %end;
    .thread T_0;
# The file index is used to find the file name in the following table.
:file_names 4;
    "N/A";
    "<interactive>";
    "-";
    "bit_value.sv";
