#! /c/Source/iverilog-install/bin/vvp
:ivl_version "12.0 (devel)" "(s20150603-1539-g2693dd32b)";
:ivl_delay_selection "TYPICAL";
:vpi_time_precision + 0;
:vpi_module "C:\iverilog\lib\ivl\system.vpi";
:vpi_module "C:\iverilog\lib\ivl\vhdl_sys.vpi";
:vpi_module "C:\iverilog\lib\ivl\vhdl_textio.vpi";
:vpi_module "C:\iverilog\lib\ivl\v2005_math.vpi";
:vpi_module "C:\iverilog\lib\ivl\va_math.vpi";
:vpi_module "C:\iverilog\lib\ivl\v2009.vpi";
S_000002c981dd6d30 .scope package, "$unit" "$unit" 2 1;
 .timescale 0 0;
S_000002c981d86990 .scope module, "bit_value" "bit_value" 3 1;
 .timescale 0 0;
v000002c981dd6ec0_0 .var/2s "a", 7 0;
v000002c981d86b20_0 .var/2s "b", 7 0;
    .scope S_000002c981d86990;
T_0 ;
    %pushi/vec4 127, 0, 8;
    %store/vec4 v000002c981dd6ec0_0, 0, 8;
    %pushi/vec4 128, 0, 8;
    %store/vec4 v000002c981d86b20_0, 0, 8;
    %vpi_call/w 3 7 "$display", "The value of byte a is %d", v000002c981dd6ec0_0 {0 0 0};
    %vpi_call/w 3 8 "$display", "The value of byte b is %d", v000002c981d86b20_0 {0 0 0};
    %end;
    .thread T_0;
# The file index is used to find the file name in the following table.
:file_names 4;
    "N/A";
    "<interactive>";
    "-";
    "byte_value.sv";
